Archive member included because of file (symbol)

e:/iti/tools/imt_sdk/imt_sdk_win_64/winavr/bin/../lib/gcc/avr/4.3.3/avr5\libgcc.a(_exit.o)
                              e:/iti/tools/imt_sdk/imt_sdk_win_64/winavr/bin/../lib/gcc/avr/4.3.3/../../../../avr/lib/avr5/crtm32.o (exit)
e:/iti/tools/imt_sdk/imt_sdk_win_64/winavr/bin/../lib/gcc/avr/4.3.3/avr5\libgcc.a(_copy_data.o)
                              ./F-RTOS/tasks.o (__do_copy_data)
e:/iti/tools/imt_sdk/imt_sdk_win_64/winavr/bin/../lib/gcc/avr/4.3.3/avr5\libgcc.a(_clear_bss.o)
                              ./F-RTOS/heap_1.o (__do_clear_bss)
e:/iti/tools/imt_sdk/imt_sdk_win_64/winavr/bin/../lib/gcc/avr/4.3.3/../../../../avr/lib/avr5\libc.a(memcpy.o)
                              ./F-RTOS/queue.o (memcpy)
e:/iti/tools/imt_sdk/imt_sdk_win_64/winavr/bin/../lib/gcc/avr/4.3.3/../../../../avr/lib/avr5\libc.a(memset.o)
                              ./F-RTOS/stream_buffer.o (memset)

Memory Configuration

Name             Origin             Length             Attributes
text             0x00000000         0x00020000         xr
data             0x00800060         0x0000ffa0         rw !x
eeprom           0x00810000         0x00010000         rw !x
fuse             0x00820000         0x00000400         rw !x
lock             0x00830000         0x00000400         rw !x
signature        0x00840000         0x00000400         rw !x
*default*        0x00000000         0xffffffff

Linker script and memory map

LOAD e:/iti/tools/imt_sdk/imt_sdk_win_64/winavr/bin/../lib/gcc/avr/4.3.3/../../../../avr/lib/avr5/crtm32.o
LOAD ./F-RTOS/croutine.o
LOAD ./F-RTOS/event_groups.o
LOAD ./F-RTOS/heap_1.o
LOAD ./F-RTOS/list.o
LOAD ./F-RTOS/port.o
LOAD ./F-RTOS/queue.o
LOAD ./F-RTOS/stream_buffer.o
LOAD ./F-RTOS/tasks.o
LOAD ./F-RTOS/timers.o
LOAD ./DIO_program.o
LOAD ./main.o
LOAD e:/iti/tools/imt_sdk/imt_sdk_win_64/winavr/bin/../lib/gcc/avr/4.3.3/avr5\libgcc.a
LOAD e:/iti/tools/imt_sdk/imt_sdk_win_64/winavr/bin/../lib/gcc/avr/4.3.3/../../../../avr/lib/avr5\libc.a
LOAD e:/iti/tools/imt_sdk/imt_sdk_win_64/winavr/bin/../lib/gcc/avr/4.3.3/avr5\libgcc.a

.hash
 *(.hash)

.dynsym
 *(.dynsym)

.dynstr
 *(.dynstr)

.gnu.version
 *(.gnu.version)

.gnu.version_d
 *(.gnu.version_d)

.gnu.version_r
 *(.gnu.version_r)

.rel.init
 *(.rel.init)

.rela.init
 *(.rela.init)

.rel.text
 *(.rel.text)
 *(.rel.text.*)
 *(.rel.gnu.linkonce.t*)

.rela.text
 *(.rela.text)
 *(.rela.text.*)
 *(.rela.gnu.linkonce.t*)

.rel.fini
 *(.rel.fini)

.rela.fini
 *(.rela.fini)

.rel.rodata
 *(.rel.rodata)
 *(.rel.rodata.*)
 *(.rel.gnu.linkonce.r*)

.rela.rodata
 *(.rela.rodata)
 *(.rela.rodata.*)
 *(.rela.gnu.linkonce.r*)

.rel.data
 *(.rel.data)
 *(.rel.data.*)
 *(.rel.gnu.linkonce.d*)

.rela.data
 *(.rela.data)
 *(.rela.data.*)
 *(.rela.gnu.linkonce.d*)

.rel.ctors
 *(.rel.ctors)

.rela.ctors
 *(.rela.ctors)

.rel.dtors
 *(.rel.dtors)

.rela.dtors
 *(.rela.dtors)

.rel.got
 *(.rel.got)

.rela.got
 *(.rela.got)

.rel.bss
 *(.rel.bss)

.rela.bss
 *(.rela.bss)

.rel.plt
 *(.rel.plt)

.rela.plt
 *(.rela.plt)

.text           0x00000000     0x561e
 *(.vectors)
 .vectors       0x00000000       0x54 e:/iti/tools/imt_sdk/imt_sdk_win_64/winavr/bin/../lib/gcc/avr/4.3.3/../../../../avr/lib/avr5/crtm32.o
                0x00000000                __vectors
                0x00000000                __vector_default
 *(.vectors)
 *(.progmem.gcc*)
 *(.progmem*)
                0x00000054                . = ALIGN (0x2)
                0x00000054                __trampolines_start = .
 *(.trampolines)
 .trampolines   0x00000054        0x0 linker stubs
 *(.trampolines*)
                0x00000054                __trampolines_end = .
 *(.jumptables)
 *(.jumptables*)
 *(.lowtext)
 *(.lowtext*)
                0x00000054                __ctors_start = .
 *(.ctors)
                0x00000054                __ctors_end = .
                0x00000054                __dtors_start = .
 *(.dtors)
                0x00000054                __dtors_end = .
 SORT(*)(.ctors)
 SORT(*)(.dtors)
 *(.init0)
 .init0         0x00000054        0x0 e:/iti/tools/imt_sdk/imt_sdk_win_64/winavr/bin/../lib/gcc/avr/4.3.3/../../../../avr/lib/avr5/crtm32.o
                0x00000054                __init
 *(.init0)
 *(.init1)
 *(.init1)
 *(.init2)
 .init2         0x00000054        0xc e:/iti/tools/imt_sdk/imt_sdk_win_64/winavr/bin/../lib/gcc/avr/4.3.3/../../../../avr/lib/avr5/crtm32.o
 *(.init2)
 *(.init3)
 *(.init3)
 *(.init4)
 .init4         0x00000060       0x16 e:/iti/tools/imt_sdk/imt_sdk_win_64/winavr/bin/../lib/gcc/avr/4.3.3/avr5\libgcc.a(_copy_data.o)
                0x00000060                __do_copy_data
 .init4         0x00000076       0x10 e:/iti/tools/imt_sdk/imt_sdk_win_64/winavr/bin/../lib/gcc/avr/4.3.3/avr5\libgcc.a(_clear_bss.o)
                0x00000076                __do_clear_bss
 *(.init4)
 *(.init5)
 *(.init5)
 *(.init6)
 *(.init6)
 *(.init7)
 *(.init7)
 *(.init8)
 *(.init8)
 *(.init9)
 .init9         0x00000086        0x8 e:/iti/tools/imt_sdk/imt_sdk_win_64/winavr/bin/../lib/gcc/avr/4.3.3/../../../../avr/lib/avr5/crtm32.o
 *(.init9)
 *(.text)
 .text          0x0000008e        0x4 e:/iti/tools/imt_sdk/imt_sdk_win_64/winavr/bin/../lib/gcc/avr/4.3.3/../../../../avr/lib/avr5/crtm32.o
                0x0000008e                __vector_1
                0x0000008e                __vector_12
                0x0000008e                __bad_interrupt
                0x0000008e                __vector_6
                0x0000008e                __vector_3
                0x0000008e                __vector_11
                0x0000008e                __vector_13
                0x0000008e                __vector_17
                0x0000008e                __vector_19
                0x0000008e                __vector_5
                0x0000008e                __vector_4
                0x0000008e                __vector_9
                0x0000008e                __vector_2
                0x0000008e                __vector_15
                0x0000008e                __vector_8
                0x0000008e                __vector_14
                0x0000008e                __vector_10
                0x0000008e                __vector_16
                0x0000008e                __vector_18
                0x0000008e                __vector_20
 .text          0x00000092        0x0 ./F-RTOS/croutine.o
 .text          0x00000092        0x0 ./F-RTOS/event_groups.o
 .text          0x00000092        0x0 ./F-RTOS/heap_1.o
 .text          0x00000092        0x0 ./F-RTOS/list.o
 .text          0x00000092        0x0 ./F-RTOS/port.o
 .text          0x00000092        0x0 ./F-RTOS/queue.o
 .text          0x00000092        0x0 ./F-RTOS/stream_buffer.o
 .text          0x00000092        0x0 ./F-RTOS/tasks.o
 .text          0x00000092        0x0 ./F-RTOS/timers.o
 .text          0x00000092        0x0 ./DIO_program.o
 .text          0x00000092        0x0 ./main.o
 .text          0x00000092        0x0 e:/iti/tools/imt_sdk/imt_sdk_win_64/winavr/bin/../lib/gcc/avr/4.3.3/avr5\libgcc.a(_exit.o)
 .text          0x00000092        0x0 e:/iti/tools/imt_sdk/imt_sdk_win_64/winavr/bin/../lib/gcc/avr/4.3.3/avr5\libgcc.a(_copy_data.o)
 .text          0x00000092        0x0 e:/iti/tools/imt_sdk/imt_sdk_win_64/winavr/bin/../lib/gcc/avr/4.3.3/avr5\libgcc.a(_clear_bss.o)
 .text          0x00000092        0x0 e:/iti/tools/imt_sdk/imt_sdk_win_64/winavr/bin/../lib/gcc/avr/4.3.3/../../../../avr/lib/avr5\libc.a(memcpy.o)
 .text          0x00000092        0x0 e:/iti/tools/imt_sdk/imt_sdk_win_64/winavr/bin/../lib/gcc/avr/4.3.3/../../../../avr/lib/avr5\libc.a(memset.o)
                0x00000092                . = ALIGN (0x2)
 *(.text.*)
 .text.xEventGroupCreate
                0x00000092       0x3e ./F-RTOS/event_groups.o
                0x00000092                xEventGroupCreate
 .text.xEventGroupSync
                0x000000d0      0x172 ./F-RTOS/event_groups.o
                0x000000d0                xEventGroupSync
 .text.xEventGroupWaitBits
                0x00000242      0x18c ./F-RTOS/event_groups.o
                0x00000242                xEventGroupWaitBits
 .text.xEventGroupClearBits
                0x000003ce       0x6c ./F-RTOS/event_groups.o
                0x000003ce                xEventGroupClearBits
 .text.xEventGroupGetBitsFromISR
                0x0000043a       0x44 ./F-RTOS/event_groups.o
                0x0000043a                xEventGroupGetBitsFromISR
 .text.xEventGroupSetBits
                0x0000047e      0x164 ./F-RTOS/event_groups.o
                0x0000047e                xEventGroupSetBits
 .text.vEventGroupDelete
                0x000005e2       0x62 ./F-RTOS/event_groups.o
                0x000005e2                vEventGroupDelete
 .text.vEventGroupSetBitsCallback
                0x00000644       0x3a ./F-RTOS/event_groups.o
                0x00000644                vEventGroupSetBitsCallback
 .text.vEventGroupClearBitsCallback
                0x0000067e       0x3a ./F-RTOS/event_groups.o
                0x0000067e                vEventGroupClearBitsCallback
 .text.prvTestWaitCondition
                0x000006b8       0x64 ./F-RTOS/event_groups.o
 .text.pvPortMalloc
                0x0000071c       0xac ./F-RTOS/heap_1.o
                0x0000071c                pvPortMalloc
 .text.vPortFree
                0x000007c8       0x18 ./F-RTOS/heap_1.o
                0x000007c8                vPortFree
 .text.vPortInitialiseBlocks
                0x000007e0       0x16 ./F-RTOS/heap_1.o
                0x000007e0                vPortInitialiseBlocks
 .text.xPortGetFreeHeapSize
                0x000007f6       0x1e ./F-RTOS/heap_1.o
                0x000007f6                xPortGetFreeHeapSize
 .text.vListInitialise
                0x00000814       0x54 ./F-RTOS/list.o
                0x00000814                vListInitialise
 .text.vListInitialiseItem
                0x00000868       0x20 ./F-RTOS/list.o
                0x00000868                vListInitialiseItem
 .text.vListInsertEnd
                0x00000888       0x88 ./F-RTOS/list.o
                0x00000888                vListInsertEnd
 .text.vListInsert
                0x00000910       0xd8 ./F-RTOS/list.o
                0x00000910                vListInsert
 .text.uxListRemove
                0x000009e8       0x98 ./F-RTOS/list.o
                0x000009e8                uxListRemove
 .text.pxPortInitialiseStack
                0x00000a80      0x306 ./F-RTOS/port.o
                0x00000a80                pxPortInitialiseStack
 .text.xPortStartScheduler
                0x00000d86       0x6a ./F-RTOS/port.o
                0x00000d86                xPortStartScheduler
 .text.vPortEndScheduler
                0x00000df0        0xe ./F-RTOS/port.o
                0x00000df0                vPortEndScheduler
 .text.vPortYield
                0x00000dfe       0xb2 ./F-RTOS/port.o
                0x00000dfe                vPortYield
 .text.vPortYieldFromTick
                0x00000eb0       0xba ./F-RTOS/port.o
                0x00000eb0                vPortYieldFromTick
 .text.prvSetupTimerInterrupt
                0x00000f6a       0xb8 ./F-RTOS/port.o
 .text.__vector_7
                0x00001022        0x6 ./F-RTOS/port.o
                0x00001022                __vector_7
 .text.xQueueGenericReset
                0x00001028      0x10c ./F-RTOS/queue.o
                0x00001028                xQueueGenericReset
 .text.xQueueGenericCreate
                0x00001134       0xa2 ./F-RTOS/queue.o
                0x00001134                xQueueGenericCreate
 .text.prvInitialiseNewQueue
                0x000011d6       0x76 ./F-RTOS/queue.o
 .text.prvInitialiseMutex
                0x0000124c       0x48 ./F-RTOS/queue.o
 .text.xQueueCreateMutex
                0x00001294       0x40 ./F-RTOS/queue.o
                0x00001294                xQueueCreateMutex
 .text.xQueueGiveMutexRecursive
                0x000012d4       0x78 ./F-RTOS/queue.o
                0x000012d4                xQueueGiveMutexRecursive
 .text.xQueueTakeMutexRecursive
                0x0000134c       0x8a ./F-RTOS/queue.o
                0x0000134c                xQueueTakeMutexRecursive
 .text.xQueueCreateCountingSemaphore
                0x000013d6       0x40 ./F-RTOS/queue.o
                0x000013d6                xQueueCreateCountingSemaphore
 .text.xQueueGenericSend
                0x00001416      0x158 ./F-RTOS/queue.o
                0x00001416                xQueueGenericSend
 .text.xQueueGenericSendFromISR
                0x0000156e       0xb0 ./F-RTOS/queue.o
                0x0000156e                xQueueGenericSendFromISR
 .text.xQueueGiveFromISR
                0x0000161e       0xa2 ./F-RTOS/queue.o
                0x0000161e                xQueueGiveFromISR
 .text.xQueueReceive
                0x000016c0      0x156 ./F-RTOS/queue.o
                0x000016c0                xQueueReceive
 .text.xQueueSemaphoreTake
                0x00001816      0x1aa ./F-RTOS/queue.o
                0x00001816                xQueueSemaphoreTake
 .text.xQueuePeek
                0x000019c0      0x164 ./F-RTOS/queue.o
                0x000019c0                xQueuePeek
 .text.xQueueReceiveFromISR
                0x00001b24       0xae ./F-RTOS/queue.o
                0x00001b24                xQueueReceiveFromISR
 .text.xQueuePeekFromISR
                0x00001bd2       0x72 ./F-RTOS/queue.o
                0x00001bd2                xQueuePeekFromISR
 .text.uxQueueMessagesWaiting
                0x00001c44       0x30 ./F-RTOS/queue.o
                0x00001c44                uxQueueMessagesWaiting
 .text.uxQueueSpacesAvailable
                0x00001c74       0x4a ./F-RTOS/queue.o
                0x00001c74                uxQueueSpacesAvailable
 .text.uxQueueMessagesWaitingFromISR
                0x00001cbe       0x34 ./F-RTOS/queue.o
                0x00001cbe                uxQueueMessagesWaitingFromISR
 .text.vQueueDelete
                0x00001cf2       0x2e ./F-RTOS/queue.o
                0x00001cf2                vQueueDelete
 .text.prvGetDisinheritPriorityAfterTimeout
                0x00001d20       0x42 ./F-RTOS/queue.o
 .text.prvCopyDataToQueue
                0x00001d62      0x170 ./F-RTOS/queue.o
 .text.prvCopyDataFromQueue
                0x00001ed2       0x8e ./F-RTOS/queue.o
 .text.prvUnlockQueue
                0x00001f60       0xa6 ./F-RTOS/queue.o
 .text.prvIsQueueEmpty
                0x00002006       0x3a ./F-RTOS/queue.o
 .text.xQueueIsQueueEmptyFromISR
                0x00002040       0x3e ./F-RTOS/queue.o
                0x00002040                xQueueIsQueueEmptyFromISR
 .text.prvIsQueueFull
                0x0000207e       0x40 ./F-RTOS/queue.o
 .text.xQueueIsQueueFullFromISR
                0x000020be       0x44 ./F-RTOS/queue.o
                0x000020be                xQueueIsQueueFullFromISR
 .text.xStreamBufferGenericCreate
                0x00002102       0x98 ./F-RTOS/stream_buffer.o
                0x00002102                xStreamBufferGenericCreate
 .text.vStreamBufferDelete
                0x0000219a       0x52 ./F-RTOS/stream_buffer.o
                0x0000219a                vStreamBufferDelete
 .text.xStreamBufferReset
                0x000021ec       0x84 ./F-RTOS/stream_buffer.o
                0x000021ec                xStreamBufferReset
 .text.xStreamBufferSetTriggerLevel
                0x00002270       0x6e ./F-RTOS/stream_buffer.o
                0x00002270                xStreamBufferSetTriggerLevel
 .text.xStreamBufferSpacesAvailable
                0x000022de       0x8c ./F-RTOS/stream_buffer.o
                0x000022de                xStreamBufferSpacesAvailable
 .text.xStreamBufferBytesAvailable
                0x0000236a       0x3c ./F-RTOS/stream_buffer.o
                0x0000236a                xStreamBufferBytesAvailable
 .text.xStreamBufferSend
                0x000023a6      0x190 ./F-RTOS/stream_buffer.o
                0x000023a6                xStreamBufferSend
 .text.xStreamBufferSendFromISR
                0x00002536       0xfa ./F-RTOS/stream_buffer.o
                0x00002536                xStreamBufferSendFromISR
 .text.prvWriteMessageToBuffer
                0x00002630       0xe4 ./F-RTOS/stream_buffer.o
 .text.xStreamBufferReceive
                0x00002714      0x174 ./F-RTOS/stream_buffer.o
                0x00002714                xStreamBufferReceive
 .text.xStreamBufferNextMessageLengthBytes
                0x00002888       0xa4 ./F-RTOS/stream_buffer.o
                0x00002888                xStreamBufferNextMessageLengthBytes
 .text.xStreamBufferReceiveFromISR
                0x0000292c       0xf0 ./F-RTOS/stream_buffer.o
                0x0000292c                xStreamBufferReceiveFromISR
 .text.prvReadMessageFromBuffer
                0x00002a1c       0xd8 ./F-RTOS/stream_buffer.o
 .text.xStreamBufferIsEmpty
                0x00002af4       0x5a ./F-RTOS/stream_buffer.o
                0x00002af4                xStreamBufferIsEmpty
 .text.xStreamBufferIsFull
                0x00002b4e       0x70 ./F-RTOS/stream_buffer.o
                0x00002b4e                xStreamBufferIsFull
 .text.xStreamBufferSendCompletedFromISR
                0x00002bbe       0x86 ./F-RTOS/stream_buffer.o
                0x00002bbe                xStreamBufferSendCompletedFromISR
 .text.xStreamBufferReceiveCompletedFromISR
                0x00002c44       0x86 ./F-RTOS/stream_buffer.o
                0x00002c44                xStreamBufferReceiveCompletedFromISR
 .text.prvWriteBytesToBuffer
                0x00002cca      0x11a ./F-RTOS/stream_buffer.o
 .text.prvReadBytesFromBuffer
                0x00002de4      0x15a ./F-RTOS/stream_buffer.o
 .text.prvBytesInBuffer
                0x00002f3e       0x74 ./F-RTOS/stream_buffer.o
 .text.prvInitialiseNewStreamBuffer
                0x00002fb2       0x78 ./F-RTOS/stream_buffer.o
 .text.xTaskCreate
                0x0000302a       0xf0 ./F-RTOS/tasks.o
                0x0000302a                xTaskCreate
 .text.prvInitialiseNewTask
                0x0000311a      0x186 ./F-RTOS/tasks.o
 .text.prvAddNewTaskToReadyList
                0x000032a0       0xf0 ./F-RTOS/tasks.o
 .text.vTaskDelete
                0x00003390       0xe4 ./F-RTOS/tasks.o
                0x00003390                vTaskDelete
 .text.vTaskDelay
                0x00003474       0x44 ./F-RTOS/tasks.o
                0x00003474                vTaskDelay
 .text.vTaskSuspend
                0x000034b8       0xe8 ./F-RTOS/tasks.o
                0x000034b8                vTaskSuspend
 .text.prvTaskIsTaskSuspended
                0x000035a0       0x5e ./F-RTOS/tasks.o
 .text.vTaskResume
                0x000035fe       0xc8 ./F-RTOS/tasks.o
                0x000035fe                vTaskResume
 .text.xTaskResumeFromISR
                0x000036c6       0xcc ./F-RTOS/tasks.o
                0x000036c6                xTaskResumeFromISR
 .text.vTaskStartScheduler
                0x00003792       0x64 ./F-RTOS/tasks.o
                0x00003792                vTaskStartScheduler
 .text.vTaskEndScheduler
                0x000037f6       0x18 ./F-RTOS/tasks.o
                0x000037f6                vTaskEndScheduler
 .text.vTaskSuspendAll
                0x0000380e       0x18 ./F-RTOS/tasks.o
                0x0000380e                vTaskSuspendAll
 .text.xTaskResumeAll
                0x00003826      0x126 ./F-RTOS/tasks.o
                0x00003826                xTaskResumeAll
 .text.xTaskGetTickCount
                0x0000394c       0x2e ./F-RTOS/tasks.o
                0x0000394c                xTaskGetTickCount
 .text.xTaskGetTickCountFromISR
                0x0000397a       0x2a ./F-RTOS/tasks.o
                0x0000397a                xTaskGetTickCountFromISR
 .text.uxTaskGetNumberOfTasks
                0x000039a4       0x12 ./F-RTOS/tasks.o
                0x000039a4                uxTaskGetNumberOfTasks
 .text.pcTaskGetName
                0x000039b6       0x50 ./F-RTOS/tasks.o
                0x000039b6                pcTaskGetName
 .text.xTaskIncrementTick
                0x00003a06      0x1ca ./F-RTOS/tasks.o
                0x00003a06                xTaskIncrementTick
 .text.vTaskSwitchContext
                0x00003bd0       0xda ./F-RTOS/tasks.o
                0x00003bd0                vTaskSwitchContext
 .text.vTaskPlaceOnEventList
                0x00003caa       0x44 ./F-RTOS/tasks.o
                0x00003caa                vTaskPlaceOnEventList
 .text.vTaskPlaceOnUnorderedEventList
                0x00003cee       0x60 ./F-RTOS/tasks.o
                0x00003cee                vTaskPlaceOnUnorderedEventList
 .text.xTaskRemoveFromEventList
                0x00003d4e       0xd6 ./F-RTOS/tasks.o
                0x00003d4e                xTaskRemoveFromEventList
 .text.vTaskRemoveFromUnorderedEventList
                0x00003e24       0xba ./F-RTOS/tasks.o
                0x00003e24                vTaskRemoveFromUnorderedEventList
 .text.vTaskSetTimeOutState
                0x00003ede       0x3c ./F-RTOS/tasks.o
                0x00003ede                vTaskSetTimeOutState
 .text.vTaskInternalSetTimeOutState
                0x00003f1a       0x32 ./F-RTOS/tasks.o
                0x00003f1a                vTaskInternalSetTimeOutState
 .text.xTaskCheckForTimeOut
                0x00003f4c       0xda ./F-RTOS/tasks.o
                0x00003f4c                xTaskCheckForTimeOut
 .text.vTaskMissedYield
                0x00004026       0x14 ./F-RTOS/tasks.o
                0x00004026                vTaskMissedYield
 .text.prvIdleTask
                0x0000403a       0x14 ./F-RTOS/tasks.o
 .text.prvInitialiseTaskLists
                0x0000404e       0x82 ./F-RTOS/tasks.o
 .text.prvCheckTasksWaitingTermination
                0x000040d0       0x5e ./F-RTOS/tasks.o
 .text.prvDeleteTCB
                0x0000412e       0x2c ./F-RTOS/tasks.o
 .text.prvResetNextTaskUnblockTime
                0x0000415a       0x56 ./F-RTOS/tasks.o
 .text.xTaskGetCurrentTaskHandle
                0x000041b0       0x24 ./F-RTOS/tasks.o
                0x000041b0                xTaskGetCurrentTaskHandle
 .text.xTaskPriorityInherit
                0x000041d4      0x13c ./F-RTOS/tasks.o
                0x000041d4                xTaskPriorityInherit
 .text.xTaskPriorityDisinherit
                0x00004310       0xe4 ./F-RTOS/tasks.o
                0x00004310                xTaskPriorityDisinherit
 .text.vTaskPriorityDisinheritAfterTimeout
                0x000043f4      0x12a ./F-RTOS/tasks.o
                0x000043f4                vTaskPriorityDisinheritAfterTimeout
 .text.uxTaskResetEventItemValue
                0x0000451e       0x4e ./F-RTOS/tasks.o
                0x0000451e                uxTaskResetEventItemValue
 .text.pvTaskIncrementMutexHeldCount
                0x0000456c       0x30 ./F-RTOS/tasks.o
                0x0000456c                pvTaskIncrementMutexHeldCount
 .text.ulTaskNotifyTake
                0x0000459c       0xee ./F-RTOS/tasks.o
                0x0000459c                ulTaskNotifyTake
 .text.xTaskNotifyWait
                0x0000468a      0x138 ./F-RTOS/tasks.o
                0x0000468a                xTaskNotifyWait
 .text.xTaskGenericNotify
                0x000047c2      0x1ba ./F-RTOS/tasks.o
                0x000047c2                xTaskGenericNotify
 .text.xTaskGenericNotifyFromISR
                0x0000497c      0x1f0 ./F-RTOS/tasks.o
                0x0000497c                xTaskGenericNotifyFromISR
 .text.vTaskNotifyGiveFromISR
                0x00004b6c      0x10c ./F-RTOS/tasks.o
                0x00004b6c                vTaskNotifyGiveFromISR
 .text.xTaskNotifyStateClear
                0x00004c78       0x74 ./F-RTOS/tasks.o
                0x00004c78                xTaskNotifyStateClear
 .text.prvAddCurrentTaskToDelayedList
                0x00004cec       0xf8 ./F-RTOS/tasks.o
 .text.DIO_VidSetPinValue
                0x00004de4      0x204 ./DIO_program.o
                0x00004de4                DIO_VidSetPinValue
 .text.DIO_VidSetPinDirection
                0x00004fe8      0x204 ./DIO_program.o
                0x00004fe8                DIO_VidSetPinDirection
 .text.DIO_VidGetPinValue
                0x000051ec      0x108 ./DIO_program.o
                0x000051ec                DIO_VidGetPinValue
 .text.DIO_VidSetPortValue
                0x000052f4       0x84 ./DIO_program.o
                0x000052f4                DIO_VidSetPortValue
 .text.DIO_VidSetPortDirection
                0x00005378       0x84 ./DIO_program.o
                0x00005378                DIO_VidSetPortDirection
 .text.DIO_VidGetPortValue
                0x000053fc       0x9a ./DIO_program.o
                0x000053fc                DIO_VidGetPortValue
 .text.main     0x00005496       0x84 ./main.o
                0x00005496                main
 .text.Task1    0x0000551a       0x38 ./main.o
                0x0000551a                Task1
 .text.Task2    0x00005552       0x38 ./main.o
                0x00005552                Task2
 .text.Task3    0x0000558a       0x38 ./main.o
                0x0000558a                Task3
 .text.Task4    0x000055c2       0x38 ./main.o
                0x000055c2                Task4
 .text.libgcc   0x000055fa        0x0 e:/iti/tools/imt_sdk/imt_sdk_win_64/winavr/bin/../lib/gcc/avr/4.3.3/avr5\libgcc.a(_exit.o)
 .text.libgcc   0x000055fa        0x0 e:/iti/tools/imt_sdk/imt_sdk_win_64/winavr/bin/../lib/gcc/avr/4.3.3/avr5\libgcc.a(_copy_data.o)
 .text.libgcc   0x000055fa        0x0 e:/iti/tools/imt_sdk/imt_sdk_win_64/winavr/bin/../lib/gcc/avr/4.3.3/avr5\libgcc.a(_clear_bss.o)
 .text.avr-libc
                0x000055fa       0x12 e:/iti/tools/imt_sdk/imt_sdk_win_64/winavr/bin/../lib/gcc/avr/4.3.3/../../../../avr/lib/avr5\libc.a(memcpy.o)
                0x000055fa                memcpy
 .text.avr-libc
                0x0000560c        0xe e:/iti/tools/imt_sdk/imt_sdk_win_64/winavr/bin/../lib/gcc/avr/4.3.3/../../../../avr/lib/avr5\libc.a(memset.o)
                0x0000560c                memset
                0x0000561a                . = ALIGN (0x2)
 *(.fini9)
 .fini9         0x0000561a        0x0 e:/iti/tools/imt_sdk/imt_sdk_win_64/winavr/bin/../lib/gcc/avr/4.3.3/avr5\libgcc.a(_exit.o)
                0x0000561a                exit
                0x0000561a                _exit
 *(.fini9)
 *(.fini8)
 *(.fini8)
 *(.fini7)
 *(.fini7)
 *(.fini6)
 *(.fini6)
 *(.fini5)
 *(.fini5)
 *(.fini4)
 *(.fini4)
 *(.fini3)
 *(.fini3)
 *(.fini2)
 *(.fini2)
 *(.fini1)
 *(.fini1)
 *(.fini0)
 .fini0         0x0000561a        0x4 e:/iti/tools/imt_sdk/imt_sdk_win_64/winavr/bin/../lib/gcc/avr/4.3.3/avr5\libgcc.a(_exit.o)
 *(.fini0)
                0x0000561e                _etext = .

.data           0x00800060        0x6 load address 0x0000561e
                0x00800060                PROVIDE (__data_start, .)
 *(.data)
 .data          0x00800060        0x0 e:/iti/tools/imt_sdk/imt_sdk_win_64/winavr/bin/../lib/gcc/avr/4.3.3/../../../../avr/lib/avr5/crtm32.o
 .data          0x00800060        0x0 ./F-RTOS/croutine.o
 .data          0x00800060        0x0 ./F-RTOS/event_groups.o
 .data          0x00800060        0x0 ./F-RTOS/heap_1.o
 .data          0x00800060        0x0 ./F-RTOS/list.o
 .data          0x00800060        0x0 ./F-RTOS/port.o
 .data          0x00800060        0x0 ./F-RTOS/queue.o
 .data          0x00800060        0x0 ./F-RTOS/stream_buffer.o
 .data          0x00800060        0x5 ./F-RTOS/tasks.o
 .data          0x00800065        0x0 ./F-RTOS/timers.o
 .data          0x00800065        0x0 ./DIO_program.o
 .data          0x00800065        0x0 ./main.o
 .data          0x00800065        0x0 e:/iti/tools/imt_sdk/imt_sdk_win_64/winavr/bin/../lib/gcc/avr/4.3.3/avr5\libgcc.a(_exit.o)
 .data          0x00800065        0x0 e:/iti/tools/imt_sdk/imt_sdk_win_64/winavr/bin/../lib/gcc/avr/4.3.3/avr5\libgcc.a(_copy_data.o)
 .data          0x00800065        0x0 e:/iti/tools/imt_sdk/imt_sdk_win_64/winavr/bin/../lib/gcc/avr/4.3.3/avr5\libgcc.a(_clear_bss.o)
 .data          0x00800065        0x0 e:/iti/tools/imt_sdk/imt_sdk_win_64/winavr/bin/../lib/gcc/avr/4.3.3/../../../../avr/lib/avr5\libc.a(memcpy.o)
 .data          0x00800065        0x0 e:/iti/tools/imt_sdk/imt_sdk_win_64/winavr/bin/../lib/gcc/avr/4.3.3/../../../../avr/lib/avr5\libc.a(memset.o)
 *(.data*)
 *(.rodata)
 *(.rodata*)
 *(.gnu.linkonce.d*)
                0x00800066                . = ALIGN (0x2)
 *fill*         0x00800065        0x1 00
                0x00800066                _edata = .
                0x00800066                PROVIDE (__data_end, .)

.bss            0x00800066      0x646
                0x00800066                PROVIDE (__bss_start, .)
 *(.bss)
 .bss           0x00800066        0x0 e:/iti/tools/imt_sdk/imt_sdk_win_64/winavr/bin/../lib/gcc/avr/4.3.3/../../../../avr/lib/avr5/crtm32.o
 .bss           0x00800066        0x0 ./F-RTOS/croutine.o
 .bss           0x00800066        0x0 ./F-RTOS/event_groups.o
 .bss           0x00800066        0x0 ./F-RTOS/heap_1.o
 .bss           0x00800066        0x0 ./F-RTOS/list.o
 .bss           0x00800066        0x0 ./F-RTOS/port.o
 .bss           0x00800066        0x0 ./F-RTOS/queue.o
 .bss           0x00800066        0x0 ./F-RTOS/stream_buffer.o
 .bss           0x00800066        0x0 ./F-RTOS/tasks.o
 .bss           0x00800066        0x0 ./F-RTOS/timers.o
 .bss           0x00800066        0x0 ./DIO_program.o
 .bss           0x00800066        0x0 ./main.o
 .bss           0x00800066        0x0 e:/iti/tools/imt_sdk/imt_sdk_win_64/winavr/bin/../lib/gcc/avr/4.3.3/avr5\libgcc.a(_exit.o)
 .bss           0x00800066        0x0 e:/iti/tools/imt_sdk/imt_sdk_win_64/winavr/bin/../lib/gcc/avr/4.3.3/avr5\libgcc.a(_copy_data.o)
 .bss           0x00800066        0x0 e:/iti/tools/imt_sdk/imt_sdk_win_64/winavr/bin/../lib/gcc/avr/4.3.3/avr5\libgcc.a(_clear_bss.o)
 .bss           0x00800066        0x0 e:/iti/tools/imt_sdk/imt_sdk_win_64/winavr/bin/../lib/gcc/avr/4.3.3/../../../../avr/lib/avr5\libc.a(memcpy.o)
 .bss           0x00800066        0x0 e:/iti/tools/imt_sdk/imt_sdk_win_64/winavr/bin/../lib/gcc/avr/4.3.3/../../../../avr/lib/avr5\libc.a(memset.o)
 *(.bss*)
 .bss.xNextFreeByte
                0x00800066        0x2 ./F-RTOS/heap_1.o
 .bss.pucAlignedHeap.1640
                0x00800068        0x2 ./F-RTOS/heap_1.o
 .bss.ucHeap    0x0080006a      0x5dc ./F-RTOS/heap_1.o
 .bss.pxCurrentTCB
                0x00800646        0x2 ./F-RTOS/tasks.o
                0x00800646                pxCurrentTCB
 .bss.uxDeletedTasksWaitingCleanUp
                0x00800648        0x1 ./F-RTOS/tasks.o
 .bss.uxCurrentNumberOfTasks
                0x00800649        0x1 ./F-RTOS/tasks.o
 .bss.xTickCount
                0x0080064a        0x2 ./F-RTOS/tasks.o
 .bss.uxTopReadyPriority
                0x0080064c        0x1 ./F-RTOS/tasks.o
 .bss.xSchedulerRunning
                0x0080064d        0x1 ./F-RTOS/tasks.o
 .bss.uxPendedTicks
                0x0080064e        0x1 ./F-RTOS/tasks.o
 .bss.xYieldPending
                0x0080064f        0x1 ./F-RTOS/tasks.o
 .bss.xNumOfOverflows
                0x00800650        0x1 ./F-RTOS/tasks.o
 .bss.uxTaskNumber
                0x00800651        0x1 ./F-RTOS/tasks.o
 .bss.xNextTaskUnblockTime
                0x00800652        0x2 ./F-RTOS/tasks.o
 .bss.xIdleTaskHandle
                0x00800654        0x2 ./F-RTOS/tasks.o
 .bss.uxSchedulerSuspended
                0x00800656        0x1 ./F-RTOS/tasks.o
 .bss.pxReadyTasksLists
                0x00800657       0x24 ./F-RTOS/tasks.o
 .bss.xDelayedTaskList1
                0x0080067b        0x9 ./F-RTOS/tasks.o
 .bss.xDelayedTaskList2
                0x00800684        0x9 ./F-RTOS/tasks.o
 .bss.pxDelayedTaskList
                0x0080068d        0x2 ./F-RTOS/tasks.o
 .bss.pxOverflowDelayedTaskList
                0x0080068f        0x2 ./F-RTOS/tasks.o
 .bss.xPendingReadyList
                0x00800691        0x9 ./F-RTOS/tasks.o
 .bss.xTasksWaitingTermination
                0x0080069a        0x9 ./F-RTOS/tasks.o
 .bss.xSuspendedTaskList
                0x008006a3        0x9 ./F-RTOS/tasks.o
 *(COMMON)
                0x008006ac                PROVIDE (__bss_end, .)
                0x0000561e                __data_load_start = LOADADDR (.data)
                0x00005624                __data_load_end = (__data_load_start + SIZEOF (.data))

.noinit         0x008006ac        0x0
                0x008006ac                PROVIDE (__noinit_start, .)
 *(.noinit*)
                0x008006ac                PROVIDE (__noinit_end, .)
                0x008006ac                _end = .
                0x008006ac                PROVIDE (__heap_start, .)

.eeprom         0x00810000        0x0
 *(.eeprom*)
                0x00810000                __eeprom_end = .

.fuse
 *(.fuse)
 *(.lfuse)
 *(.hfuse)
 *(.efuse)

.lock
 *(.lock*)

.signature
 *(.signature*)

.stab           0x00000000     0x87f0
 *(.stab)
 .stab          0x00000000      0x594 ./F-RTOS/croutine.o
 .stab          0x00000594      0xda4 ./F-RTOS/event_groups.o
                               0x1080 (size before relaxing)
 .stab          0x00001338      0x2d0 ./F-RTOS/heap_1.o
                                0x720 (size before relaxing)
 .stab          0x00001608      0x438 ./F-RTOS/list.o
                                0x7bc (size before relaxing)
 .stab          0x00001a40      0x87c ./F-RTOS/port.o
                                0xc90 (size before relaxing)
 .stab          0x000022bc     0x1ed8 ./F-RTOS/queue.o
                               0x2328 (size before relaxing)
 .stab          0x00004194     0x15cc ./F-RTOS/stream_buffer.o
                               0x19b0 (size before relaxing)
 .stab          0x00005760     0x2658 ./F-RTOS/tasks.o
                               0x2ad8 (size before relaxing)
 .stab          0x00007db8      0x168 ./F-RTOS/timers.o
                                0x618 (size before relaxing)
 .stab          0x00007f20      0x51c ./DIO_program.o
                                0x528 (size before relaxing)
 .stab          0x0000843c      0x3b4 ./main.o
                                0x87c (size before relaxing)

.stabstr        0x00000000     0x4a50
 *(.stabstr)
 .stabstr       0x00000000     0x4a50 ./F-RTOS/croutine.o

.stab.excl
 *(.stab.excl)

.stab.exclstr
 *(.stab.exclstr)

.stab.index
 *(.stab.index)

.stab.indexstr
 *(.stab.indexstr)

.comment
 *(.comment)

.debug
 *(.debug)

.line
 *(.line)

.debug_srcinfo
 *(.debug_srcinfo)

.debug_sfnames
 *(.debug_sfnames)

.debug_aranges
 *(.debug_aranges)

.debug_pubnames
 *(.debug_pubnames)

.debug_info
 *(.debug_info)
 *(.gnu.linkonce.wi.*)

.debug_abbrev
 *(.debug_abbrev)

.debug_line
 *(.debug_line)

.debug_frame
 *(.debug_frame)

.debug_str
 *(.debug_str)

.debug_loc
 *(.debug_loc)

.debug_macinfo
 *(.debug_macinfo)
OUTPUT(FREE_RTOS.elf elf32-avr)
LOAD linker stubs
