Archive member included because of file (symbol)

e:/iti/tools/imt_sdk/imt_sdk_win_64/winavr/bin/../lib/gcc/avr/4.3.3/avr5\libgcc.a(_exit.o)
                              e:/iti/tools/imt_sdk/imt_sdk_win_64/winavr/bin/../lib/gcc/avr/4.3.3/../../../../avr/lib/avr5/crtm32.o (exit)
e:/iti/tools/imt_sdk/imt_sdk_win_64/winavr/bin/../lib/gcc/avr/4.3.3/avr5\libgcc.a(_clear_bss.o)
                              ./RTOS_prog.o (__do_clear_bss)

Memory Configuration

Name             Origin             Length             Attributes
text             0x00000000         0x00020000         xr
data             0x00800060         0x0000ffa0         rw !x
eeprom           0x00810000         0x00010000         rw !x
fuse             0x00820000         0x00000400         rw !x
lock             0x00830000         0x00000400         rw !x
signature        0x00840000         0x00000400         rw !x
*default*        0x00000000         0xffffffff

Linker script and memory map

LOAD e:/iti/tools/imt_sdk/imt_sdk_win_64/winavr/bin/../lib/gcc/avr/4.3.3/../../../../avr/lib/avr5/crtm32.o
LOAD ./DIO_program.o
LOAD ./GIE_program.o
LOAD ./RTOS_prog.o
LOAD ./TIMR_program.o
LOAD ./main.o
LOAD e:/iti/tools/imt_sdk/imt_sdk_win_64/winavr/bin/../lib/gcc/avr/4.3.3/avr5\libgcc.a
LOAD e:/iti/tools/imt_sdk/imt_sdk_win_64/winavr/bin/../lib/gcc/avr/4.3.3/../../../../avr/lib/avr5\libc.a
LOAD e:/iti/tools/imt_sdk/imt_sdk_win_64/winavr/bin/../lib/gcc/avr/4.3.3/avr5\libgcc.a

.hash
 *(.hash)

.dynsym
 *(.dynsym)

.dynstr
 *(.dynstr)

.gnu.version
 *(.gnu.version)

.gnu.version_d
 *(.gnu.version_d)

.gnu.version_r
 *(.gnu.version_r)

.rel.init
 *(.rel.init)

.rela.init
 *(.rela.init)

.rel.text
 *(.rel.text)
 *(.rel.text.*)
 *(.rel.gnu.linkonce.t*)

.rela.text
 *(.rela.text)
 *(.rela.text.*)
 *(.rela.gnu.linkonce.t*)

.rel.fini
 *(.rel.fini)

.rela.fini
 *(.rela.fini)

.rel.rodata
 *(.rel.rodata)
 *(.rel.rodata.*)
 *(.rel.gnu.linkonce.r*)

.rela.rodata
 *(.rela.rodata)
 *(.rela.rodata.*)
 *(.rela.gnu.linkonce.r*)

.rel.data
 *(.rel.data)
 *(.rel.data.*)
 *(.rel.gnu.linkonce.d*)

.rela.data
 *(.rela.data)
 *(.rela.data.*)
 *(.rela.gnu.linkonce.d*)

.rel.ctors
 *(.rel.ctors)

.rela.ctors
 *(.rela.ctors)

.rel.dtors
 *(.rel.dtors)

.rela.dtors
 *(.rela.dtors)

.rel.got
 *(.rel.got)

.rela.got
 *(.rela.got)

.rel.bss
 *(.rel.bss)

.rela.bss
 *(.rela.bss)

.rel.plt
 *(.rel.plt)

.rela.plt
 *(.rela.plt)

.text           0x00000000      0xe9c
 *(.vectors)
 .vectors       0x00000000       0x54 e:/iti/tools/imt_sdk/imt_sdk_win_64/winavr/bin/../lib/gcc/avr/4.3.3/../../../../avr/lib/avr5/crtm32.o
                0x00000000                __vectors
                0x00000000                __vector_default
 *(.vectors)
 *(.progmem.gcc*)
 *(.progmem*)
                0x00000054                . = ALIGN (0x2)
                0x00000054                __trampolines_start = .
 *(.trampolines)
 .trampolines   0x00000054        0x0 linker stubs
 *(.trampolines*)
                0x00000054                __trampolines_end = .
 *(.jumptables)
 *(.jumptables*)
 *(.lowtext)
 *(.lowtext*)
                0x00000054                __ctors_start = .
 *(.ctors)
                0x00000054                __ctors_end = .
                0x00000054                __dtors_start = .
 *(.dtors)
                0x00000054                __dtors_end = .
 SORT(*)(.ctors)
 SORT(*)(.dtors)
 *(.init0)
 .init0         0x00000054        0x0 e:/iti/tools/imt_sdk/imt_sdk_win_64/winavr/bin/../lib/gcc/avr/4.3.3/../../../../avr/lib/avr5/crtm32.o
                0x00000054                __init
 *(.init0)
 *(.init1)
 *(.init1)
 *(.init2)
 .init2         0x00000054        0xc e:/iti/tools/imt_sdk/imt_sdk_win_64/winavr/bin/../lib/gcc/avr/4.3.3/../../../../avr/lib/avr5/crtm32.o
 *(.init2)
 *(.init3)
 *(.init3)
 *(.init4)
 .init4         0x00000060       0x10 e:/iti/tools/imt_sdk/imt_sdk_win_64/winavr/bin/../lib/gcc/avr/4.3.3/avr5\libgcc.a(_clear_bss.o)
                0x00000060                __do_clear_bss
 *(.init4)
 *(.init5)
 *(.init5)
 *(.init6)
 *(.init6)
 *(.init7)
 *(.init7)
 *(.init8)
 *(.init8)
 *(.init9)
 .init9         0x00000070        0x8 e:/iti/tools/imt_sdk/imt_sdk_win_64/winavr/bin/../lib/gcc/avr/4.3.3/../../../../avr/lib/avr5/crtm32.o
 *(.init9)
 *(.text)
 .text          0x00000078        0x4 e:/iti/tools/imt_sdk/imt_sdk_win_64/winavr/bin/../lib/gcc/avr/4.3.3/../../../../avr/lib/avr5/crtm32.o
                0x00000078                __vector_1
                0x00000078                __vector_12
                0x00000078                __bad_interrupt
                0x00000078                __vector_6
                0x00000078                __vector_3
                0x00000078                __vector_11
                0x00000078                __vector_13
                0x00000078                __vector_17
                0x00000078                __vector_19
                0x00000078                __vector_7
                0x00000078                __vector_5
                0x00000078                __vector_4
                0x00000078                __vector_9
                0x00000078                __vector_2
                0x00000078                __vector_15
                0x00000078                __vector_8
                0x00000078                __vector_14
                0x00000078                __vector_16
                0x00000078                __vector_18
                0x00000078                __vector_20
 .text          0x0000007c        0x0 ./DIO_program.o
 .text          0x0000007c        0x0 ./GIE_program.o
 .text          0x0000007c        0x0 ./RTOS_prog.o
 .text          0x0000007c        0x0 ./TIMR_program.o
 .text          0x0000007c        0x0 ./main.o
 .text          0x0000007c        0x0 e:/iti/tools/imt_sdk/imt_sdk_win_64/winavr/bin/../lib/gcc/avr/4.3.3/avr5\libgcc.a(_exit.o)
 .text          0x0000007c        0x0 e:/iti/tools/imt_sdk/imt_sdk_win_64/winavr/bin/../lib/gcc/avr/4.3.3/avr5\libgcc.a(_clear_bss.o)
                0x0000007c                . = ALIGN (0x2)
 *(.text.*)
 .text.DIO_VidSetPinValue
                0x0000007c      0x204 ./DIO_program.o
                0x0000007c                DIO_VidSetPinValue
 .text.DIO_VidSetPinDirection
                0x00000280      0x204 ./DIO_program.o
                0x00000280                DIO_VidSetPinDirection
 .text.DIO_VidGetPinValue
                0x00000484      0x108 ./DIO_program.o
                0x00000484                DIO_VidGetPinValue
 .text.DIO_VidSetPortValue
                0x0000058c       0x84 ./DIO_program.o
                0x0000058c                DIO_VidSetPortValue
 .text.DIO_VidSetPortDirection
                0x00000610       0x84 ./DIO_program.o
                0x00000610                DIO_VidSetPortDirection
 .text.DIO_VidGetPortValue
                0x00000694       0x9a ./DIO_program.o
                0x00000694                DIO_VidGetPortValue
 .text.GIE_VidEnable
                0x0000072e       0x1c ./GIE_program.o
                0x0000072e                GIE_VidEnable
 .text.GIE_VidDisEnable
                0x0000074a       0x1c ./GIE_program.o
                0x0000074a                GIE_VidDisEnable
 .text.RTOS_voidStart
                0x00000766       0x1e ./RTOS_prog.o
                0x00000766                RTOS_voidStart
 .text.RTOS_u8CreateTask
                0x00000784       0xe2 ./RTOS_prog.o
                0x00000784                RTOS_u8CreateTask
 .text.RTOS_voidDispather
                0x00000866       0xb4 ./RTOS_prog.o
                0x00000866                RTOS_voidDispather
 .text.voidAlgrothim
                0x0000091a      0x11e ./RTOS_prog.o
 .text.voidSleep
                0x00000a38       0x1e ./RTOS_prog.o
 .text.TIMR_VidInit
                0x00000a56       0x6a ./TIMR_program.o
                0x00000a56                TIMR_VidInit
 .text.TIMR0_SetCallBack
                0x00000ac0       0x2c ./TIMR_program.o
                0x00000ac0                TIMR0_SetCallBack
 .text.__vector_10
                0x00000aec       0x66 ./TIMR_program.o
                0x00000aec                __vector_10
 .text.TIMR_VidInit_FastPWM
                0x00000b52       0x7e ./TIMR_program.o
                0x00000b52                TIMR_VidInit_FastPWM
 .text.TIMR_VidSetCompareMatch
                0x00000bd0       0x1c ./TIMR_program.o
                0x00000bd0                TIMR_VidSetCompareMatch
 .text.TIMR_VidInit_PhaseCorrectPWM
                0x00000bec       0x7e ./TIMR_program.o
                0x00000bec                TIMR_VidInit_PhaseCorrectPWM
 .text.TIMR1_VidInit
                0x00000c6a       0x8c ./TIMR_program.o
                0x00000c6a                TIMR1_VidInit
 .text.TIMR_VidSetICR
                0x00000cf6       0x24 ./TIMR_program.o
                0x00000cf6                TIMR_VidSetICR
 .text.TIMR_VidSetOCR
                0x00000d1a       0x24 ./TIMR_program.o
                0x00000d1a                TIMR_VidSetOCR
 .text.main     0x00000d3e       0x8a ./main.o
                0x00000d3e                main
 .text.Task1    0x00000dc8       0x34 ./main.o
                0x00000dc8                Task1
 .text.Task2    0x00000dfc       0x34 ./main.o
                0x00000dfc                Task2
 .text.Task3    0x00000e30       0x34 ./main.o
                0x00000e30                Task3
 .text.Task4    0x00000e64       0x34 ./main.o
                0x00000e64                Task4
 .text.libgcc   0x00000e98        0x0 e:/iti/tools/imt_sdk/imt_sdk_win_64/winavr/bin/../lib/gcc/avr/4.3.3/avr5\libgcc.a(_exit.o)
 .text.libgcc   0x00000e98        0x0 e:/iti/tools/imt_sdk/imt_sdk_win_64/winavr/bin/../lib/gcc/avr/4.3.3/avr5\libgcc.a(_clear_bss.o)
                0x00000e98                . = ALIGN (0x2)
 *(.fini9)
 .fini9         0x00000e98        0x0 e:/iti/tools/imt_sdk/imt_sdk_win_64/winavr/bin/../lib/gcc/avr/4.3.3/avr5\libgcc.a(_exit.o)
                0x00000e98                exit
                0x00000e98                _exit
 *(.fini9)
 *(.fini8)
 *(.fini8)
 *(.fini7)
 *(.fini7)
 *(.fini6)
 *(.fini6)
 *(.fini5)
 *(.fini5)
 *(.fini4)
 *(.fini4)
 *(.fini3)
 *(.fini3)
 *(.fini2)
 *(.fini2)
 *(.fini1)
 *(.fini1)
 *(.fini0)
 .fini0         0x00000e98        0x4 e:/iti/tools/imt_sdk/imt_sdk_win_64/winavr/bin/../lib/gcc/avr/4.3.3/avr5\libgcc.a(_exit.o)
 *(.fini0)
                0x00000e9c                _etext = .

.data           0x00800060        0x0 load address 0x00000e9c
                0x00800060                PROVIDE (__data_start, .)
 *(.data)
 .data          0x00800060        0x0 e:/iti/tools/imt_sdk/imt_sdk_win_64/winavr/bin/../lib/gcc/avr/4.3.3/../../../../avr/lib/avr5/crtm32.o
 .data          0x00800060        0x0 ./DIO_program.o
 .data          0x00800060        0x0 ./GIE_program.o
 .data          0x00800060        0x0 ./RTOS_prog.o
 .data          0x00800060        0x0 ./TIMR_program.o
 .data          0x00800060        0x0 ./main.o
 .data          0x00800060        0x0 e:/iti/tools/imt_sdk/imt_sdk_win_64/winavr/bin/../lib/gcc/avr/4.3.3/avr5\libgcc.a(_exit.o)
 .data          0x00800060        0x0 e:/iti/tools/imt_sdk/imt_sdk_win_64/winavr/bin/../lib/gcc/avr/4.3.3/avr5\libgcc.a(_clear_bss.o)
 *(.data*)
 *(.rodata)
 *(.rodata*)
 *(.gnu.linkonce.d*)
                0x00800060                . = ALIGN (0x2)
                0x00800060                _edata = .
                0x00800060                PROVIDE (__data_end, .)

.bss            0x00800060       0x29
                0x00800060                PROVIDE (__bss_start, .)
 *(.bss)
 .bss           0x00800060        0x0 e:/iti/tools/imt_sdk/imt_sdk_win_64/winavr/bin/../lib/gcc/avr/4.3.3/../../../../avr/lib/avr5/crtm32.o
 .bss           0x00800060        0x0 ./DIO_program.o
 .bss           0x00800060        0x0 ./GIE_program.o
 .bss           0x00800060        0x0 ./RTOS_prog.o
 .bss           0x00800060        0x0 ./TIMR_program.o
 .bss           0x00800060        0x0 ./main.o
 .bss           0x00800060        0x0 e:/iti/tools/imt_sdk/imt_sdk_win_64/winavr/bin/../lib/gcc/avr/4.3.3/avr5\libgcc.a(_exit.o)
 .bss           0x00800060        0x0 e:/iti/tools/imt_sdk/imt_sdk_win_64/winavr/bin/../lib/gcc/avr/4.3.3/avr5\libgcc.a(_clear_bss.o)
 *(.bss*)
 .bss.TaskBlockArr
                0x00800060       0x23 ./RTOS_prog.o
                0x00800060                TaskBlockArr
 .bss.TIMR0_SetCallbackFunc
                0x00800083        0x2 ./TIMR_program.o
 .bss.state.1328
                0x00800085        0x1 ./main.o
 .bss.state.1335
                0x00800086        0x1 ./main.o
 .bss.state.1342
                0x00800087        0x1 ./main.o
 .bss.state.1349
                0x00800088        0x1 ./main.o
 *(COMMON)
                0x00800089                PROVIDE (__bss_end, .)
                0x00000e9c                __data_load_start = LOADADDR (.data)
                0x00000e9c                __data_load_end = (__data_load_start + SIZEOF (.data))

.noinit         0x00800089        0x0
                0x00800089                PROVIDE (__noinit_start, .)
 *(.noinit*)
                0x00800089                PROVIDE (__noinit_end, .)
                0x00800089                _end = .
                0x00800089                PROVIDE (__heap_start, .)

.eeprom         0x00810000        0x0
 *(.eeprom*)
                0x00810000                __eeprom_end = .

.fuse
 *(.fuse)
 *(.lfuse)
 *(.hfuse)
 *(.efuse)

.lock
 *(.lock*)

.signature
 *(.signature*)

.stab           0x00000000     0x132c
 *(.stab)
 .stab          0x00000000      0x528 ./DIO_program.o
 .stab          0x00000528      0x144 ./GIE_program.o
                                0x1bc (size before relaxing)
 .stab          0x0000066c      0x3a8 ./RTOS_prog.o
                                0x444 (size before relaxing)
 .stab          0x00000a14      0x438 ./TIMR_program.o
                                0x4b0 (size before relaxing)
 .stab          0x00000e4c      0x4e0 ./main.o
                                0x57c (size before relaxing)

.stabstr        0x00000000      0xc99
 *(.stabstr)
 .stabstr       0x00000000      0xc99 ./DIO_program.o

.stab.excl
 *(.stab.excl)

.stab.exclstr
 *(.stab.exclstr)

.stab.index
 *(.stab.index)

.stab.indexstr
 *(.stab.indexstr)

.comment
 *(.comment)

.debug
 *(.debug)

.line
 *(.line)

.debug_srcinfo
 *(.debug_srcinfo)

.debug_sfnames
 *(.debug_sfnames)

.debug_aranges
 *(.debug_aranges)

.debug_pubnames
 *(.debug_pubnames)

.debug_info
 *(.debug_info)
 *(.gnu.linkonce.wi.*)

.debug_abbrev
 *(.debug_abbrev)

.debug_line
 *(.debug_line)

.debug_frame
 *(.debug_frame)

.debug_str
 *(.debug_str)

.debug_loc
 *(.debug_loc)

.debug_macinfo
 *(.debug_macinfo)
OUTPUT(TEST.elf elf32-avr)
LOAD linker stubs
